// Jest Snapshot v1, https://goo.gl/fbAQLP

exports[`The app looks as expected matches the snapshot 1`] = `
Array [
  <header>
    <h1>
      Counters R Fun
    </h1>
  </header>,
  <main>
    <section
      className="counter"
    >
      <span
        className="down clicker"
        onClick={[Function]}
      >
         
        -
         
      </span>
      <span
        className="count "
      >
        0
      </span>
      <span
        className="up clicker"
        onClick={[Function]}
      >
         
        +
         
      </span>
    </section>
  </main>,
  <footer>
    Â© 2018 Code Fellows
  </footer>,
]
`;
